// Jest Snapshot v1, https://goo.gl/fbAQLP

exports[`ConfirmConnection tests Check snapshots of ConfirmConnection are equal. 1`] = `
<DocumentFragment>
  <div
    class="confirm-connection"
  >
    <div
      class="spinner"
    >
      <div
        class="circle__Wrapper-sc-16bbsoy-0 dpSNSD"
        color="#fff"
        size="24"
      />
    </div>
    <div
      class="confirm-connection__text"
    >
      confirm:connection.processing
    </div>
  </div>
</DocumentFragment>
`;
