// Jest Snapshot v1, https://goo.gl/fbAQLP

exports[`ConfirmResetPassword tests Check snapshots of ConfirmResetPassword are equal. 1`] = `
<DocumentFragment>
  <div
    class="confirm-psw"
  >
    <img
      alt="Calc logo"
      class="confirm-psw__logo"
      src="/svg/logo.svg"
    />
    <div
      class="confirm-psw__content"
    >
      <form
        class="confirm-psw__form"
        name="confirm-psw-form"
      >
        <div
          class="confirm-psw__password custom-input"
        >
          <input
            aria-label="password"
            id="password"
            name="password"
            placeholder="New password"
            required=""
            type="password"
          />
          <div
            class="custom-input__error"
          />
        </div>
        <button
          class="custom-button confirm-psw__submit"
          type="submit"
          value=""
        >
          Confirm
        </button>
      </form>
    </div>
  </div>
</DocumentFragment>
`;
