// Jest Snapshot v1, https://goo.gl/fbAQLP

exports[`ConfirmEmailChange tests Check snapshots of ConfirmEmailChange are equal. 1`] = `
<DocumentFragment>
  <div
    class="email-chn"
  >
    <div
      class="spinner"
    >
      <div
        class="circle__Wrapper-sc-16bbsoy-0 dpSNSD"
        color="#fff"
        size="24"
      />
    </div>
    <div
      class="email-chn__text"
    >
      confirm:email.processing
    </div>
  </div>
</DocumentFragment>
`;
