// Jest Snapshot v1, https://goo.gl/fbAQLP

exports[`Spinner tests Check snapshots of Spinner are equal. 1`] = `
<DocumentFragment>
  <div
    class="spinner my-spinner spinner__circle"
  >
    <div
      class="circle__Wrapper-sc-16bbsoy-0 dpSNSD"
      color="#fff"
      size="24"
    />
  </div>
</DocumentFragment>
`;
